// Jest Snapshot v1, https://goo.gl/fbAQLP

exports[`Create/update brand form should match the snapshot 1`] = `
<div
  class="MuiBox-root MuiBox-root-8"
>
  <h2
    class="MuiTypography-root MuiTypography-h4"
  >
    Cadastro de marcas
  </h2>
</div>
`;
